2026-08-24 15:57:56,370 [INFO] === Processing 20260820 (period=0820) ===
2026-08-24 15:57:56,370 [INFO] Submitting SQL for date=20260820...
2026-08-24 15:57:56,788 [INFO] Query submitted, id=218ab8ac-56e1-4a4d-8a73-62c3027b1e94:35b...
2026-08-24 15:57:56,967 [ERROR] Failed for 20260820: 404 Client Error: Not Found for url: http://proxy-service-http-alisgp0-dp.api.xiaomi.net/olap/api/v2/statement/status/218ab8ac-56e1-4a4d-8a73-62c3027b1e94:35b63164-9483-4bb9-b1a1-c71ae75c6d77;08624131302e35312e3134332e32363a3130303033;0;1000;false:1787558275037:1787558275271:false:INTERIM:RUNNING:9c4d31e8d07d9b888b5159fe1285571e:b4c757ad8b4a733a
2026-08-24 15:57:56,980 [INFO] === Processing 20260821 (period=0821) ===
2026-08-24 15:57:56,980 [INFO] Submitting SQL for date=20260821...
2026-08-24 15:57:57,354 [INFO] Query submitted, id=7e157977-e471-4f80-9418-3fd55518b61a:1db...
2026-08-24 15:57:57,518 [ERROR] Failed for 20260821: 404 Client Error: Not Found for url: http://proxy-service-http-alisgp0-dp.api.xiaomi.net/olap/api/v2/statement/status/7e157977-e471-4f80-9418-3fd55518b61a:1db83ed4-a47e-49e0-9319-bad9909b929c;77226131302e35312e3132392e3230313a3130303033;0;1000;false:1787558275634:1787558275841:false:INTERIM:RUNNING:557cc7e8e78c8ad389e8c8e41bec96ee:b57233576b4236c0
2026-08-24 15:57:57,521 [INFO] === Processing 20260822 (period=0822) ===
2026-08-24 15:57:57,521 [INFO] Submitting SQL for date=20260822...
2026-08-24 15:57:58,030 [INFO] Query submitted, id=7ca52813-e8c9-4bb4-b6f0-fe34a7df600c:b5f...
2026-08-24 15:57:58,200 [ERROR] Failed for 20260822: 404 Client Error: Not Found for url: http://proxy-service-http-alisgp0-dp.api.xiaomi.net/olap/api/v2/statement/status/7ca52813-e8c9-4bb4-b6f0-fe34a7df600c:b5f977bd-62aa-4153-9814-fc2ab66711d8;51622131302e35312e3133392e373a3130303033;0;1000;false:1787558276209:1787558276516:false:INTERIM:RUNNING:50cad53f2978369968dcb3ef367d53c3:6e961867f4705c4d
2026-08-24 15:57:58,204 [INFO] 
=== All done! Total added: 0 records ===
2026-08-24 19:16:47,200 [INFO] === Processing 20260820 (period=0820) ===
2026-08-24 19:16:47,200 [INFO] Submitting SQL for date=20260820...
2026-08-24 19:16:47,641 [INFO] Query submitted, id=05de0d56-1bcb-4c03-9b0f-ee5ef51f59c7:d34cdbc2-95c2-42dd-8eea-d33eed91c597;94026131302e35312e3132392e3233303a3130303033;0;1000;false:1787570205883:1787570206113:false:INTERIM:RUNNING:d01c65dfee6b4846f93863679a09b6d8:57909613d5f4241a
2026-08-24 19:16:50,004 [INFO] Query finished, fetching results...
2026-08-24 19:16:52,604 [INFO] Fetched 9963 rows
2026-08-24 19:16:53,777 [ERROR] Failed for 20260820: Cannot find DATA array in JS file
2026-08-24 19:16:53,786 [INFO] === Processing 20260821 (period=0821) ===
2026-08-24 19:16:53,786 [INFO] Submitting SQL for date=20260821...
2026-08-24 19:16:54,766 [INFO] Query submitted, id=16c5ae01-be3d-47aa-8bc5-8f687f1a3c90:2cc9da13-4fea-4824-ab9f-324ade1fbc8a;14124131302e35312e3134332e32363a3130303033;0;1000;false:1787570212428:1787570213239:false:INTERIM:RUNNING:2df26424649b35af9a2152eba5fea4a9:517cef9cce15c5d0
2026-08-24 19:16:59,313 [INFO] Query finished, fetching results...
2026-08-24 19:17:01,975 [INFO] Fetched 9837 rows
2026-08-24 19:17:02,075 [ERROR] Failed for 20260821: Cannot find DATA array in JS file
2026-08-24 19:17:02,082 [INFO] === Processing 20260822 (period=0822) ===
2026-08-24 19:17:02,082 [INFO] Submitting SQL for date=20260822...
2026-08-24 19:17:02,469 [INFO] Query submitted, id=57efe6e8-74da-41ff-976d-04a1d996c591:cf1a419a-2158-4609-8813-0abed651ff65;39326131302e35382e3138342e3136363a3130303033;0;1000;false:1787570220713:1787570220937:false:INTERIM:RUNNING:704d15ad3eb0315fa159250430be2a42:1e3c53ad662dffa4
2026-08-24 19:17:06,980 [INFO] Query finished, fetching results...
2026-08-24 19:17:09,571 [INFO] Fetched 9381 rows
2026-08-24 19:17:09,701 [ERROR] Failed for 20260822: Cannot find DATA array in JS file
2026-08-24 19:17:09,706 [INFO] 
=== All done! Total added: 0 records ===
